[     127ms] [INFO] %cDownload the React DevTools for a better development experience: https://react.dev/link/react-devtools font-weight:bold @ http://localhost:4220/devdays-design/node_modules/.vite/deps/chunk-4OOMQMHL.js?v=d1296418:20102
[     231ms] [WARNING] Warning: instead of passing the 'id' prop directly to the input component, it should be passed to the parent component, <FormControl> @ http://localhost:4220/devdays-design/node_modules/.vite/deps/@primer_react.js?v=d1296418:7660
[     231ms] [WARNING] Warning: instead of passing the 'id' prop directly to the input component, it should be passed to the parent component, <FormControl> @ http://localhost:4220/devdays-design/node_modules/.vite/deps/@primer_react.js?v=d1296418:7660
[     235ms] [WARNING] Warning: instead of passing the 'id' prop directly to the input component, it should be passed to the parent component, <FormControl> @ http://localhost:4220/devdays-design/node_modules/.vite/deps/@primer_react.js?v=d1296418:7660
[     235ms] [WARNING] Warning: instead of passing the 'id' prop directly to the input component, it should be passed to the parent component, <FormControl> @ http://localhost:4220/devdays-design/node_modules/.vite/deps/@primer_react.js?v=d1296418:7660
[     236ms] [WARNING] Warning: instead of passing the 'id' prop directly to the input component, it should be passed to the parent component, <FormControl> @ http://localhost:4220/devdays-design/node_modules/.vite/deps/@primer_react.js?v=d1296418:7660
[     237ms] [WARNING] Warning: instead of passing the 'id' prop directly to the input component, it should be passed to the parent component, <FormControl> @ http://localhost:4220/devdays-design/node_modules/.vite/deps/@primer_react.js?v=d1296418:7660
[     237ms] [WARNING] Warning: instead of passing the 'id' prop directly to the input component, it should be passed to the parent component, <FormControl> @ http://localhost:4220/devdays-design/node_modules/.vite/deps/@primer_react.js?v=d1296418:7660
[     237ms] [WARNING] Warning: instead of passing the 'id' prop directly to the input component, it should be passed to the parent component, <FormControl> @ http://localhost:4220/devdays-design/node_modules/.vite/deps/@primer_react.js?v=d1296418:7660
[     239ms] [WARNING] Warning: instead of passing the 'id' prop directly to the input component, it should be passed to the parent component, <FormControl> @ http://localhost:4220/devdays-design/node_modules/.vite/deps/@primer_react.js?v=d1296418:7660
[     239ms] [WARNING] Warning: instead of passing the 'id' prop directly to the input component, it should be passed to the parent component, <FormControl> @ http://localhost:4220/devdays-design/node_modules/.vite/deps/@primer_react.js?v=d1296418:7660
[     240ms] [WARNING] Warning: instead of passing the 'id' prop directly to the input component, it should be passed to the parent component, <FormControl> @ http://localhost:4220/devdays-design/node_modules/.vite/deps/@primer_react.js?v=d1296418:7660
[     240ms] [WARNING] Warning: instead of passing the 'id' prop directly to the input component, it should be passed to the parent component, <FormControl> @ http://localhost:4220/devdays-design/node_modules/.vite/deps/@primer_react.js?v=d1296418:7660
[     241ms] [WARNING] Warning: instead of passing the 'id' prop directly to the input component, it should be passed to the parent component, <FormControl> @ http://localhost:4220/devdays-design/node_modules/.vite/deps/@primer_react.js?v=d1296418:7660
[     241ms] [WARNING] Warning: instead of passing the 'id' prop directly to the input component, it should be passed to the parent component, <FormControl> @ http://localhost:4220/devdays-design/node_modules/.vite/deps/@primer_react.js?v=d1296418:7660
[     243ms] [WARNING] Warning: instead of passing the 'id' prop directly to the input component, it should be passed to the parent component, <FormControl> @ http://localhost:4220/devdays-design/node_modules/.vite/deps/@primer_react.js?v=d1296418:7660
[     244ms] [WARNING] Warning: instead of passing the 'id' prop directly to the input component, it should be passed to the parent component, <FormControl> @ http://localhost:4220/devdays-design/node_modules/.vite/deps/@primer_react.js?v=d1296418:7660
[     312ms] [WARNING] Warning: instead of passing the 'id' prop directly to the input component, it should be passed to the parent component, <FormControl> @ http://localhost:4220/devdays-design/node_modules/.vite/deps/@primer_react.js?v=d1296418:7660
[     312ms] [WARNING] Warning: instead of passing the 'id' prop directly to the input component, it should be passed to the parent component, <FormControl> @ http://localhost:4220/devdays-design/node_modules/.vite/deps/@primer_react.js?v=d1296418:7660
[     312ms] [WARNING] Warning: instead of passing the 'id' prop directly to the input component, it should be passed to the parent component, <FormControl> @ http://localhost:4220/devdays-design/node_modules/.vite/deps/@primer_react.js?v=d1296418:7660
[     312ms] [WARNING] Warning: instead of passing the 'id' prop directly to the input component, it should be passed to the parent component, <FormControl> @ http://localhost:4220/devdays-design/node_modules/.vite/deps/@primer_react.js?v=d1296418:7660
[     313ms] [WARNING] Warning: instead of passing the 'id' prop directly to the input component, it should be passed to the parent component, <FormControl> @ http://localhost:4220/devdays-design/node_modules/.vite/deps/@primer_react.js?v=d1296418:7660
[     313ms] [WARNING] Warning: instead of passing the 'id' prop directly to the input component, it should be passed to the parent component, <FormControl> @ http://localhost:4220/devdays-design/node_modules/.vite/deps/@primer_react.js?v=d1296418:7660
[     314ms] [WARNING] Warning: instead of passing the 'id' prop directly to the input component, it should be passed to the parent component, <FormControl> @ http://localhost:4220/devdays-design/node_modules/.vite/deps/@primer_react.js?v=d1296418:7660
[     314ms] [WARNING] Warning: instead of passing the 'id' prop directly to the input component, it should be passed to the parent component, <FormControl> @ http://localhost:4220/devdays-design/node_modules/.vite/deps/@primer_react.js?v=d1296418:7660
[     315ms] [WARNING] Warning: instead of passing the 'id' prop directly to the input component, it should be passed to the parent component, <FormControl> @ http://localhost:4220/devdays-design/node_modules/.vite/deps/@primer_react.js?v=d1296418:7660
[     315ms] [WARNING] Warning: instead of passing the 'id' prop directly to the input component, it should be passed to the parent component, <FormControl> @ http://localhost:4220/devdays-design/node_modules/.vite/deps/@primer_react.js?v=d1296418:7660
[     316ms] [WARNING] Warning: instead of passing the 'id' prop directly to the input component, it should be passed to the parent component, <FormControl> @ http://localhost:4220/devdays-design/node_modules/.vite/deps/@primer_react.js?v=d1296418:7660
[     316ms] [WARNING] Warning: instead of passing the 'id' prop directly to the input component, it should be passed to the parent component, <FormControl> @ http://localhost:4220/devdays-design/node_modules/.vite/deps/@primer_react.js?v=d1296418:7660
[     316ms] [WARNING] Warning: instead of passing the 'id' prop directly to the input component, it should be passed to the parent component, <FormControl> @ http://localhost:4220/devdays-design/node_modules/.vite/deps/@primer_react.js?v=d1296418:7660
[     316ms] [WARNING] Warning: instead of passing the 'id' prop directly to the input component, it should be passed to the parent component, <FormControl> @ http://localhost:4220/devdays-design/node_modules/.vite/deps/@primer_react.js?v=d1296418:7660
[     317ms] [WARNING] Warning: instead of passing the 'id' prop directly to the input component, it should be passed to the parent component, <FormControl> @ http://localhost:4220/devdays-design/node_modules/.vite/deps/@primer_react.js?v=d1296418:7660
[     318ms] [WARNING] Warning: instead of passing the 'id' prop directly to the input component, it should be passed to the parent component, <FormControl> @ http://localhost:4220/devdays-design/node_modules/.vite/deps/@primer_react.js?v=d1296418:7660
[     447ms] [WARNING] Canvas2D: Multiple readback operations using getImageData are faster with the willReadFrequently attribute set to true. See: https://html.spec.whatwg.org/multipage/canvas.html#concept-canvas-will-read-frequently @ http://localhost:4220/devdays-design/src/lib/pixelChecks.ts:59
[     460ms] [WARNING] Warning: instead of passing the 'id' prop directly to the input component, it should be passed to the parent component, <FormControl> @ http://localhost:4220/devdays-design/node_modules/.vite/deps/@primer_react.js?v=d1296418:7660
[     460ms] [WARNING] Warning: instead of passing the 'id' prop directly to the input component, it should be passed to the parent component, <FormControl> @ http://localhost:4220/devdays-design/node_modules/.vite/deps/@primer_react.js?v=d1296418:7660
[     461ms] [WARNING] Warning: instead of passing the 'id' prop directly to the input component, it should be passed to the parent component, <FormControl> @ http://localhost:4220/devdays-design/node_modules/.vite/deps/@primer_react.js?v=d1296418:7660
[     461ms] [WARNING] Warning: instead of passing the 'id' prop directly to the input component, it should be passed to the parent component, <FormControl> @ http://localhost:4220/devdays-design/node_modules/.vite/deps/@primer_react.js?v=d1296418:7660
[     462ms] [WARNING] Warning: instead of passing the 'id' prop directly to the input component, it should be passed to the parent component, <FormControl> @ http://localhost:4220/devdays-design/node_modules/.vite/deps/@primer_react.js?v=d1296418:7660
[     462ms] [WARNING] Warning: instead of passing the 'id' prop directly to the input component, it should be passed to the parent component, <FormControl> @ http://localhost:4220/devdays-design/node_modules/.vite/deps/@primer_react.js?v=d1296418:7660
[     463ms] [WARNING] Warning: instead of passing the 'id' prop directly to the input component, it should be passed to the parent component, <FormControl> @ http://localhost:4220/devdays-design/node_modules/.vite/deps/@primer_react.js?v=d1296418:7660
[     463ms] [WARNING] Warning: instead of passing the 'id' prop directly to the input component, it should be passed to the parent component, <FormControl> @ http://localhost:4220/devdays-design/node_modules/.vite/deps/@primer_react.js?v=d1296418:7660
[     464ms] [WARNING] Warning: instead of passing the 'id' prop directly to the input component, it should be passed to the parent component, <FormControl> @ http://localhost:4220/devdays-design/node_modules/.vite/deps/@primer_react.js?v=d1296418:7660
[     464ms] [WARNING] Warning: instead of passing the 'id' prop directly to the input component, it should be passed to the parent component, <FormControl> @ http://localhost:4220/devdays-design/node_modules/.vite/deps/@primer_react.js?v=d1296418:7660
[     465ms] [WARNING] Warning: instead of passing the 'id' prop directly to the input component, it should be passed to the parent component, <FormControl> @ http://localhost:4220/devdays-design/node_modules/.vite/deps/@primer_react.js?v=d1296418:7660
[     466ms] [WARNING] Warning: instead of passing the 'id' prop directly to the input component, it should be passed to the parent component, <FormControl> @ http://localhost:4220/devdays-design/node_modules/.vite/deps/@primer_react.js?v=d1296418:7660
[     467ms] [WARNING] Warning: instead of passing the 'id' prop directly to the input component, it should be passed to the parent component, <FormControl> @ http://localhost:4220/devdays-design/node_modules/.vite/deps/@primer_react.js?v=d1296418:7660
[     467ms] [WARNING] Warning: instead of passing the 'id' prop directly to the input component, it should be passed to the parent component, <FormControl> @ http://localhost:4220/devdays-design/node_modules/.vite/deps/@primer_react.js?v=d1296418:7660
[     467ms] [WARNING] Warning: instead of passing the 'id' prop directly to the input component, it should be passed to the parent component, <FormControl> @ http://localhost:4220/devdays-design/node_modules/.vite/deps/@primer_react.js?v=d1296418:7660
[     468ms] [WARNING] Warning: instead of passing the 'id' prop directly to the input component, it should be passed to the parent component, <FormControl> @ http://localhost:4220/devdays-design/node_modules/.vite/deps/@primer_react.js?v=d1296418:7660
[     478ms] [WARNING] Warning: instead of passing the 'id' prop directly to the input component, it should be passed to the parent component, <FormControl> @ http://localhost:4220/devdays-design/node_modules/.vite/deps/@primer_react.js?v=d1296418:7660
[     478ms] [WARNING] Warning: instead of passing the 'id' prop directly to the input component, it should be passed to the parent component, <FormControl> @ http://localhost:4220/devdays-design/node_modules/.vite/deps/@primer_react.js?v=d1296418:7660
[     479ms] [WARNING] Warning: instead of passing the 'id' prop directly to the input component, it should be passed to the parent component, <FormControl> @ http://localhost:4220/devdays-design/node_modules/.vite/deps/@primer_react.js?v=d1296418:7660
[     479ms] [WARNING] Warning: instead of passing the 'id' prop directly to the input component, it should be passed to the parent component, <FormControl> @ http://localhost:4220/devdays-design/node_modules/.vite/deps/@primer_react.js?v=d1296418:7660
[     479ms] [WARNING] Warning: instead of passing the 'id' prop directly to the input component, it should be passed to the parent component, <FormControl> @ http://localhost:4220/devdays-design/node_modules/.vite/deps/@primer_react.js?v=d1296418:7660
[     480ms] [WARNING] Warning: instead of passing the 'id' prop directly to the input component, it should be passed to the parent component, <FormControl> @ http://localhost:4220/devdays-design/node_modules/.vite/deps/@primer_react.js?v=d1296418:7660
[     480ms] [WARNING] Warning: instead of passing the 'id' prop directly to the input component, it should be passed to the parent component, <FormControl> @ http://localhost:4220/devdays-design/node_modules/.vite/deps/@primer_react.js?v=d1296418:7660
[     480ms] [WARNING] Warning: instead of passing the 'id' prop directly to the input component, it should be passed to the parent component, <FormControl> @ http://localhost:4220/devdays-design/node_modules/.vite/deps/@primer_react.js?v=d1296418:7660
[     481ms] [WARNING] Warning: instead of passing the 'id' prop directly to the input component, it should be passed to the parent component, <FormControl> @ http://localhost:4220/devdays-design/node_modules/.vite/deps/@primer_react.js?v=d1296418:7660
[     481ms] [WARNING] Warning: instead of passing the 'id' prop directly to the input component, it should be passed to the parent component, <FormControl> @ http://localhost:4220/devdays-design/node_modules/.vite/deps/@primer_react.js?v=d1296418:7660
[     482ms] [WARNING] Warning: instead of passing the 'id' prop directly to the input component, it should be passed to the parent component, <FormControl> @ http://localhost:4220/devdays-design/node_modules/.vite/deps/@primer_react.js?v=d1296418:7660
[     482ms] [WARNING] Warning: instead of passing the 'id' prop directly to the input component, it should be passed to the parent component, <FormControl> @ http://localhost:4220/devdays-design/node_modules/.vite/deps/@primer_react.js?v=d1296418:7660
[     483ms] [WARNING] Warning: instead of passing the 'id' prop directly to the input component, it should be passed to the parent component, <FormControl> @ http://localhost:4220/devdays-design/node_modules/.vite/deps/@primer_react.js?v=d1296418:7660
[     483ms] [WARNING] Warning: instead of passing the 'id' prop directly to the input component, it should be passed to the parent component, <FormControl> @ http://localhost:4220/devdays-design/node_modules/.vite/deps/@primer_react.js?v=d1296418:7660
[     484ms] [WARNING] Warning: instead of passing the 'id' prop directly to the input component, it should be passed to the parent component, <FormControl> @ http://localhost:4220/devdays-design/node_modules/.vite/deps/@primer_react.js?v=d1296418:7660
[     484ms] [WARNING] Warning: instead of passing the 'id' prop directly to the input component, it should be passed to the parent component, <FormControl> @ http://localhost:4220/devdays-design/node_modules/.vite/deps/@primer_react.js?v=d1296418:7660
[     497ms] [WARNING] Warning: instead of passing the 'id' prop directly to the input component, it should be passed to the parent component, <FormControl> @ http://localhost:4220/devdays-design/node_modules/.vite/deps/@primer_react.js?v=d1296418:7660
[     497ms] [WARNING] Warning: instead of passing the 'id' prop directly to the input component, it should be passed to the parent component, <FormControl> @ http://localhost:4220/devdays-design/node_modules/.vite/deps/@primer_react.js?v=d1296418:7660
[     498ms] [WARNING] Warning: instead of passing the 'id' prop directly to the input component, it should be passed to the parent component, <FormControl> @ http://localhost:4220/devdays-design/node_modules/.vite/deps/@primer_react.js?v=d1296418:7660
[     498ms] [WARNING] Warning: instead of passing the 'id' prop directly to the input component, it should be passed to the parent component, <FormControl> @ http://localhost:4220/devdays-design/node_modules/.vite/deps/@primer_react.js?v=d1296418:7660
[     498ms] [WARNING] Warning: instead of passing the 'id' prop directly to the input component, it should be passed to the parent component, <FormControl> @ http://localhost:4220/devdays-design/node_modules/.vite/deps/@primer_react.js?v=d1296418:7660
[     499ms] [WARNING] Warning: instead of passing the 'id' prop directly to the input component, it should be passed to the parent component, <FormControl> @ http://localhost:4220/devdays-design/node_modules/.vite/deps/@primer_react.js?v=d1296418:7660
[     499ms] [WARNING] Warning: instead of passing the 'id' prop directly to the input component, it should be passed to the parent component, <FormControl> @ http://localhost:4220/devdays-design/node_modules/.vite/deps/@primer_react.js?v=d1296418:7660
[     499ms] [WARNING] Warning: instead of passing the 'id' prop directly to the input component, it should be passed to the parent component, <FormControl> @ http://localhost:4220/devdays-design/node_modules/.vite/deps/@primer_react.js?v=d1296418:7660
[     500ms] [WARNING] Warning: instead of passing the 'id' prop directly to the input component, it should be passed to the parent component, <FormControl> @ http://localhost:4220/devdays-design/node_modules/.vite/deps/@primer_react.js?v=d1296418:7660
[     500ms] [WARNING] Warning: instead of passing the 'id' prop directly to the input component, it should be passed to the parent component, <FormControl> @ http://localhost:4220/devdays-design/node_modules/.vite/deps/@primer_react.js?v=d1296418:7660
[     500ms] [WARNING] Warning: instead of passing the 'id' prop directly to the input component, it should be passed to the parent component, <FormControl> @ http://localhost:4220/devdays-design/node_modules/.vite/deps/@primer_react.js?v=d1296418:7660
[     500ms] [WARNING] Warning: instead of passing the 'id' prop directly to the input component, it should be passed to the parent component, <FormControl> @ http://localhost:4220/devdays-design/node_modules/.vite/deps/@primer_react.js?v=d1296418:7660
[     501ms] [WARNING] Warning: instead of passing the 'id' prop directly to the input component, it should be passed to the parent component, <FormControl> @ http://localhost:4220/devdays-design/node_modules/.vite/deps/@primer_react.js?v=d1296418:7660
[     501ms] [WARNING] Warning: instead of passing the 'id' prop directly to the input component, it should be passed to the parent component, <FormControl> @ http://localhost:4220/devdays-design/node_modules/.vite/deps/@primer_react.js?v=d1296418:7660
[     502ms] [WARNING] Warning: instead of passing the 'id' prop directly to the input component, it should be passed to the parent component, <FormControl> @ http://localhost:4220/devdays-design/node_modules/.vite/deps/@primer_react.js?v=d1296418:7660
[     502ms] [WARNING] Warning: instead of passing the 'id' prop directly to the input component, it should be passed to the parent component, <FormControl> @ http://localhost:4220/devdays-design/node_modules/.vite/deps/@primer_react.js?v=d1296418:7660
[     623ms] [WARNING] Warning: instead of passing the 'id' prop directly to the input component, it should be passed to the parent component, <FormControl> @ http://localhost:4220/devdays-design/node_modules/.vite/deps/@primer_react.js?v=d1296418:7660
[     623ms] [WARNING] Warning: instead of passing the 'id' prop directly to the input component, it should be passed to the parent component, <FormControl> @ http://localhost:4220/devdays-design/node_modules/.vite/deps/@primer_react.js?v=d1296418:7660
[     623ms] [WARNING] Warning: instead of passing the 'id' prop directly to the input component, it should be passed to the parent component, <FormControl> @ http://localhost:4220/devdays-design/node_modules/.vite/deps/@primer_react.js?v=d1296418:7660
[     623ms] [WARNING] Warning: instead of passing the 'id' prop directly to the input component, it should be passed to the parent component, <FormControl> @ http://localhost:4220/devdays-design/node_modules/.vite/deps/@primer_react.js?v=d1296418:7660
[     624ms] [WARNING] Warning: instead of passing the 'id' prop directly to the input component, it should be passed to the parent component, <FormControl> @ http://localhost:4220/devdays-design/node_modules/.vite/deps/@primer_react.js?v=d1296418:7660
[     624ms] [WARNING] Warning: instead of passing the 'id' prop directly to the input component, it should be passed to the parent component, <FormControl> @ http://localhost:4220/devdays-design/node_modules/.vite/deps/@primer_react.js?v=d1296418:7660
[     624ms] [WARNING] Warning: instead of passing the 'id' prop directly to the input component, it should be passed to the parent component, <FormControl> @ http://localhost:4220/devdays-design/node_modules/.vite/deps/@primer_react.js?v=d1296418:7660
[     624ms] [WARNING] Warning: instead of passing the 'id' prop directly to the input component, it should be passed to the parent component, <FormControl> @ http://localhost:4220/devdays-design/node_modules/.vite/deps/@primer_react.js?v=d1296418:7660
[     624ms] [WARNING] Warning: instead of passing the 'id' prop directly to the input component, it should be passed to the parent component, <FormControl> @ http://localhost:4220/devdays-design/node_modules/.vite/deps/@primer_react.js?v=d1296418:7660
[     624ms] [WARNING] Warning: instead of passing the 'id' prop directly to the input component, it should be passed to the parent component, <FormControl> @ http://localhost:4220/devdays-design/node_modules/.vite/deps/@primer_react.js?v=d1296418:7660
[     625ms] [WARNING] Warning: instead of passing the 'id' prop directly to the input component, it should be passed to the parent component, <FormControl> @ http://localhost:4220/devdays-design/node_modules/.vite/deps/@primer_react.js?v=d1296418:7660
[     625ms] [WARNING] Warning: instead of passing the 'id' prop directly to the input component, it should be passed to the parent component, <FormControl> @ http://localhost:4220/devdays-design/node_modules/.vite/deps/@primer_react.js?v=d1296418:7660
[     625ms] [WARNING] Warning: instead of passing the 'id' prop directly to the input component, it should be passed to the parent component, <FormControl> @ http://localhost:4220/devdays-design/node_modules/.vite/deps/@primer_react.js?v=d1296418:7660
[     625ms] [WARNING] Warning: instead of passing the 'id' prop directly to the input component, it should be passed to the parent component, <FormControl> @ http://localhost:4220/devdays-design/node_modules/.vite/deps/@primer_react.js?v=d1296418:7660
[     625ms] [WARNING] Warning: instead of passing the 'id' prop directly to the input component, it should be passed to the parent component, <FormControl> @ http://localhost:4220/devdays-design/node_modules/.vite/deps/@primer_react.js?v=d1296418:7660
[     625ms] [WARNING] Warning: instead of passing the 'id' prop directly to the input component, it should be passed to the parent component, <FormControl> @ http://localhost:4220/devdays-design/node_modules/.vite/deps/@primer_react.js?v=d1296418:7660
[    3747ms] [WARNING] Warning: instead of passing the 'id' prop directly to the input component, it should be passed to the parent component, <FormControl> @ http://localhost:4220/devdays-design/node_modules/.vite/deps/@primer_react.js?v=d1296418:7660
[    3747ms] [WARNING] Warning: instead of passing the 'id' prop directly to the input component, it should be passed to the parent component, <FormControl> @ http://localhost:4220/devdays-design/node_modules/.vite/deps/@primer_react.js?v=d1296418:7660
[    3747ms] [WARNING] Warning: instead of passing the 'id' prop directly to the input component, it should be passed to the parent component, <FormControl> @ http://localhost:4220/devdays-design/node_modules/.vite/deps/@primer_react.js?v=d1296418:7660
[    3748ms] [WARNING] Warning: instead of passing the 'id' prop directly to the input component, it should be passed to the parent component, <FormControl> @ http://localhost:4220/devdays-design/node_modules/.vite/deps/@primer_react.js?v=d1296418:7660
[    3748ms] [WARNING] Warning: instead of passing the 'id' prop directly to the input component, it should be passed to the parent component, <FormControl> @ http://localhost:4220/devdays-design/node_modules/.vite/deps/@primer_react.js?v=d1296418:7660
[    3748ms] [WARNING] Warning: instead of passing the 'id' prop directly to the input component, it should be passed to the parent component, <FormControl> @ http://localhost:4220/devdays-design/node_modules/.vite/deps/@primer_react.js?v=d1296418:7660
[    3748ms] [WARNING] Warning: instead of passing the 'id' prop directly to the input component, it should be passed to the parent component, <FormControl> @ http://localhost:4220/devdays-design/node_modules/.vite/deps/@primer_react.js?v=d1296418:7660
[    3748ms] [WARNING] Warning: instead of passing the 'id' prop directly to the input component, it should be passed to the parent component, <FormControl> @ http://localhost:4220/devdays-design/node_modules/.vite/deps/@primer_react.js?v=d1296418:7660
[    3749ms] [WARNING] Warning: instead of passing the 'id' prop directly to the input component, it should be passed to the parent component, <FormControl> @ http://localhost:4220/devdays-design/node_modules/.vite/deps/@primer_react.js?v=d1296418:7660
[    3749ms] [WARNING] Warning: instead of passing the 'id' prop directly to the input component, it should be passed to the parent component, <FormControl> @ http://localhost:4220/devdays-design/node_modules/.vite/deps/@primer_react.js?v=d1296418:7660
[    3749ms] [WARNING] Warning: instead of passing the 'id' prop directly to the input component, it should be passed to the parent component, <FormControl> @ http://localhost:4220/devdays-design/node_modules/.vite/deps/@primer_react.js?v=d1296418:7660
[    3749ms] [WARNING] Warning: instead of passing the 'id' prop directly to the input component, it should be passed to the parent component, <FormControl> @ http://localhost:4220/devdays-design/node_modules/.vite/deps/@primer_react.js?v=d1296418:7660
[    3750ms] [WARNING] Warning: instead of passing the 'id' prop directly to the input component, it should be passed to the parent component, <FormControl> @ http://localhost:4220/devdays-design/node_modules/.vite/deps/@primer_react.js?v=d1296418:7660
[    3750ms] [WARNING] Warning: instead of passing the 'id' prop directly to the input component, it should be passed to the parent component, <FormControl> @ http://localhost:4220/devdays-design/node_modules/.vite/deps/@primer_react.js?v=d1296418:7660
[    3752ms] [WARNING] Warning: instead of passing the 'id' prop directly to the input component, it should be passed to the parent component, <FormControl> @ http://localhost:4220/devdays-design/node_modules/.vite/deps/@primer_react.js?v=d1296418:7660
[    3752ms] [WARNING] Warning: instead of passing the 'id' prop directly to the input component, it should be passed to the parent component, <FormControl> @ http://localhost:4220/devdays-design/node_modules/.vite/deps/@primer_react.js?v=d1296418:7660
[    3753ms] [WARNING] Warning: instead of passing the 'id' prop directly to the input component, it should be passed to the parent component, <FormControl> @ http://localhost:4220/devdays-design/node_modules/.vite/deps/@primer_react.js?v=d1296418:7660
[    3753ms] [WARNING] Warning: instead of passing the 'id' prop directly to the input component, it should be passed to the parent component, <FormControl> @ http://localhost:4220/devdays-design/node_modules/.vite/deps/@primer_react.js?v=d1296418:7660
[    3754ms] [WARNING] Warning: instead of passing the 'id' prop directly to the input component, it should be passed to the parent component, <FormControl> @ http://localhost:4220/devdays-design/node_modules/.vite/deps/@primer_react.js?v=d1296418:7660
[    3754ms] [WARNING] Warning: instead of passing the 'required' prop directly to the input component, it should be passed to the parent component, <FormControl> @ http://localhost:4220/devdays-design/node_modules/.vite/deps/@primer_react.js?v=d1296418:7660
[    3754ms] [WARNING] Warning: instead of passing the 'id' prop directly to the input component, it should be passed to the parent component, <FormControl> @ http://localhost:4220/devdays-design/node_modules/.vite/deps/@primer_react.js?v=d1296418:7660
[    3754ms] [WARNING] Warning: instead of passing the 'required' prop directly to the input component, it should be passed to the parent component, <FormControl> @ http://localhost:4220/devdays-design/node_modules/.vite/deps/@primer_react.js?v=d1296418:7660
[    3754ms] [WARNING] Warning: instead of passing the 'id' prop directly to the input component, it should be passed to the parent component, <FormControl> @ http://localhost:4220/devdays-design/node_modules/.vite/deps/@primer_react.js?v=d1296418:7660
[    3755ms] [WARNING] Warning: instead of passing the 'id' prop directly to the input component, it should be passed to the parent component, <FormControl> @ http://localhost:4220/devdays-design/node_modules/.vite/deps/@primer_react.js?v=d1296418:7660
[    3756ms] [WARNING] Warning: instead of passing the 'id' prop directly to the input component, it should be passed to the parent component, <FormControl> @ http://localhost:4220/devdays-design/node_modules/.vite/deps/@primer_react.js?v=d1296418:7660
[    3756ms] [WARNING] Warning: instead of passing the 'id' prop directly to the input component, it should be passed to the parent component, <FormControl> @ http://localhost:4220/devdays-design/node_modules/.vite/deps/@primer_react.js?v=d1296418:7660
[    3813ms] [WARNING] Warning: instead of passing the 'id' prop directly to the input component, it should be passed to the parent component, <FormControl> @ http://localhost:4220/devdays-design/node_modules/.vite/deps/@primer_react.js?v=d1296418:7660
[    3813ms] [WARNING] Warning: instead of passing the 'id' prop directly to the input component, it should be passed to the parent component, <FormControl> @ http://localhost:4220/devdays-design/node_modules/.vite/deps/@primer_react.js?v=d1296418:7660
[    3814ms] [WARNING] Warning: instead of passing the 'id' prop directly to the input component, it should be passed to the parent component, <FormControl> @ http://localhost:4220/devdays-design/node_modules/.vite/deps/@primer_react.js?v=d1296418:7660
[    3814ms] [WARNING] Warning: instead of passing the 'id' prop directly to the input component, it should be passed to the parent component, <FormControl> @ http://localhost:4220/devdays-design/node_modules/.vite/deps/@primer_react.js?v=d1296418:7660
[    3815ms] [WARNING] Warning: instead of passing the 'id' prop directly to the input component, it should be passed to the parent component, <FormControl> @ http://localhost:4220/devdays-design/node_modules/.vite/deps/@primer_react.js?v=d1296418:7660
[    3815ms] [WARNING] Warning: instead of passing the 'id' prop directly to the input component, it should be passed to the parent component, <FormControl> @ http://localhost:4220/devdays-design/node_modules/.vite/deps/@primer_react.js?v=d1296418:7660
[    3815ms] [WARNING] Warning: instead of passing the 'id' prop directly to the input component, it should be passed to the parent component, <FormControl> @ http://localhost:4220/devdays-design/node_modules/.vite/deps/@primer_react.js?v=d1296418:7660
[    3816ms] [WARNING] Warning: instead of passing the 'id' prop directly to the input component, it should be passed to the parent component, <FormControl> @ http://localhost:4220/devdays-design/node_modules/.vite/deps/@primer_react.js?v=d1296418:7660
[    3817ms] [WARNING] Warning: instead of passing the 'id' prop directly to the input component, it should be passed to the parent component, <FormControl> @ http://localhost:4220/devdays-design/node_modules/.vite/deps/@primer_react.js?v=d1296418:7660
[    3817ms] [WARNING] Warning: instead of passing the 'id' prop directly to the input component, it should be passed to the parent component, <FormControl> @ http://localhost:4220/devdays-design/node_modules/.vite/deps/@primer_react.js?v=d1296418:7660
[    3817ms] [WARNING] Warning: instead of passing the 'id' prop directly to the input component, it should be passed to the parent component, <FormControl> @ http://localhost:4220/devdays-design/node_modules/.vite/deps/@primer_react.js?v=d1296418:7660
[    3818ms] [WARNING] Warning: instead of passing the 'id' prop directly to the input component, it should be passed to the parent component, <FormControl> @ http://localhost:4220/devdays-design/node_modules/.vite/deps/@primer_react.js?v=d1296418:7660
[    3819ms] [WARNING] Warning: instead of passing the 'id' prop directly to the input component, it should be passed to the parent component, <FormControl> @ http://localhost:4220/devdays-design/node_modules/.vite/deps/@primer_react.js?v=d1296418:7660
[    3819ms] [WARNING] Warning: instead of passing the 'id' prop directly to the input component, it should be passed to the parent component, <FormControl> @ http://localhost:4220/devdays-design/node_modules/.vite/deps/@primer_react.js?v=d1296418:7660
[    3819ms] [WARNING] Warning: instead of passing the 'id' prop directly to the input component, it should be passed to the parent component, <FormControl> @ http://localhost:4220/devdays-design/node_modules/.vite/deps/@primer_react.js?v=d1296418:7660
[    3820ms] [WARNING] Warning: instead of passing the 'id' prop directly to the input component, it should be passed to the parent component, <FormControl> @ http://localhost:4220/devdays-design/node_modules/.vite/deps/@primer_react.js?v=d1296418:7660
[    3820ms] [WARNING] Warning: instead of passing the 'id' prop directly to the input component, it should be passed to the parent component, <FormControl> @ http://localhost:4220/devdays-design/node_modules/.vite/deps/@primer_react.js?v=d1296418:7660
[    3820ms] [WARNING] Warning: instead of passing the 'id' prop directly to the input component, it should be passed to the parent component, <FormControl> @ http://localhost:4220/devdays-design/node_modules/.vite/deps/@primer_react.js?v=d1296418:7660
[    3821ms] [WARNING] Warning: instead of passing the 'id' prop directly to the input component, it should be passed to the parent component, <FormControl> @ http://localhost:4220/devdays-design/node_modules/.vite/deps/@primer_react.js?v=d1296418:7660
[    3821ms] [WARNING] Warning: instead of passing the 'required' prop directly to the input component, it should be passed to the parent component, <FormControl> @ http://localhost:4220/devdays-design/node_modules/.vite/deps/@primer_react.js?v=d1296418:7660
[    3821ms] [WARNING] Warning: instead of passing the 'id' prop directly to the input component, it should be passed to the parent component, <FormControl> @ http://localhost:4220/devdays-design/node_modules/.vite/deps/@primer_react.js?v=d1296418:7660
[    3821ms] [WARNING] Warning: instead of passing the 'required' prop directly to the input component, it should be passed to the parent component, <FormControl> @ http://localhost:4220/devdays-design/node_modules/.vite/deps/@primer_react.js?v=d1296418:7660
[    3821ms] [WARNING] Warning: instead of passing the 'id' prop directly to the input component, it should be passed to the parent component, <FormControl> @ http://localhost:4220/devdays-design/node_modules/.vite/deps/@primer_react.js?v=d1296418:7660
[    3821ms] [WARNING] Warning: instead of passing the 'id' prop directly to the input component, it should be passed to the parent component, <FormControl> @ http://localhost:4220/devdays-design/node_modules/.vite/deps/@primer_react.js?v=d1296418:7660
[    3822ms] [WARNING] Warning: instead of passing the 'id' prop directly to the input component, it should be passed to the parent component, <FormControl> @ http://localhost:4220/devdays-design/node_modules/.vite/deps/@primer_react.js?v=d1296418:7660
[    3822ms] [WARNING] Warning: instead of passing the 'id' prop directly to the input component, it should be passed to the parent component, <FormControl> @ http://localhost:4220/devdays-design/node_modules/.vite/deps/@primer_react.js?v=d1296418:7660
