[     100ms] [INFO] %cDownload the React DevTools for a better development experience: https://react.dev/link/react-devtools font-weight:bold @ http://localhost:4220/devdays-design/node_modules/.vite/deps/chunk-4OOMQMHL.js?v=d1296418:20102
[     196ms] [WARNING] Warning: instead of passing the 'id' prop directly to the input component, it should be passed to the parent component, <FormControl> @ http://localhost:4220/devdays-design/node_modules/.vite/deps/@primer_react.js?v=d1296418:7660
[     196ms] [WARNING] Warning: instead of passing the 'id' prop directly to the input component, it should be passed to the parent component, <FormControl> @ http://localhost:4220/devdays-design/node_modules/.vite/deps/@primer_react.js?v=d1296418:7660
[     199ms] [WARNING] Warning: instead of passing the 'id' prop directly to the input component, it should be passed to the parent component, <FormControl> @ http://localhost:4220/devdays-design/node_modules/.vite/deps/@primer_react.js?v=d1296418:7660
[     199ms] [WARNING] Warning: instead of passing the 'id' prop directly to the input component, it should be passed to the parent component, <FormControl> @ http://localhost:4220/devdays-design/node_modules/.vite/deps/@primer_react.js?v=d1296418:7660
[     199ms] [WARNING] Warning: instead of passing the 'id' prop directly to the input component, it should be passed to the parent component, <FormControl> @ http://localhost:4220/devdays-design/node_modules/.vite/deps/@primer_react.js?v=d1296418:7660
[     200ms] [WARNING] Warning: instead of passing the 'id' prop directly to the input component, it should be passed to the parent component, <FormControl> @ http://localhost:4220/devdays-design/node_modules/.vite/deps/@primer_react.js?v=d1296418:7660
[     200ms] [WARNING] Warning: instead of passing the 'id' prop directly to the input component, it should be passed to the parent component, <FormControl> @ http://localhost:4220/devdays-design/node_modules/.vite/deps/@primer_react.js?v=d1296418:7660
[     200ms] [WARNING] Warning: instead of passing the 'id' prop directly to the input component, it should be passed to the parent component, <FormControl> @ http://localhost:4220/devdays-design/node_modules/.vite/deps/@primer_react.js?v=d1296418:7660
[     202ms] [WARNING] Warning: instead of passing the 'id' prop directly to the input component, it should be passed to the parent component, <FormControl> @ http://localhost:4220/devdays-design/node_modules/.vite/deps/@primer_react.js?v=d1296418:7660
[     202ms] [WARNING] Warning: instead of passing the 'id' prop directly to the input component, it should be passed to the parent component, <FormControl> @ http://localhost:4220/devdays-design/node_modules/.vite/deps/@primer_react.js?v=d1296418:7660
[     203ms] [WARNING] Warning: instead of passing the 'id' prop directly to the input component, it should be passed to the parent component, <FormControl> @ http://localhost:4220/devdays-design/node_modules/.vite/deps/@primer_react.js?v=d1296418:7660
[     203ms] [WARNING] Warning: instead of passing the 'id' prop directly to the input component, it should be passed to the parent component, <FormControl> @ http://localhost:4220/devdays-design/node_modules/.vite/deps/@primer_react.js?v=d1296418:7660
[     204ms] [WARNING] Warning: instead of passing the 'id' prop directly to the input component, it should be passed to the parent component, <FormControl> @ http://localhost:4220/devdays-design/node_modules/.vite/deps/@primer_react.js?v=d1296418:7660
[     204ms] [WARNING] Warning: instead of passing the 'id' prop directly to the input component, it should be passed to the parent component, <FormControl> @ http://localhost:4220/devdays-design/node_modules/.vite/deps/@primer_react.js?v=d1296418:7660
[     206ms] [WARNING] Warning: instead of passing the 'id' prop directly to the input component, it should be passed to the parent component, <FormControl> @ http://localhost:4220/devdays-design/node_modules/.vite/deps/@primer_react.js?v=d1296418:7660
[     206ms] [WARNING] Warning: instead of passing the 'id' prop directly to the input component, it should be passed to the parent component, <FormControl> @ http://localhost:4220/devdays-design/node_modules/.vite/deps/@primer_react.js?v=d1296418:7660
[     259ms] [WARNING] Warning: instead of passing the 'id' prop directly to the input component, it should be passed to the parent component, <FormControl> @ http://localhost:4220/devdays-design/node_modules/.vite/deps/@primer_react.js?v=d1296418:7660
[     259ms] [WARNING] Warning: instead of passing the 'id' prop directly to the input component, it should be passed to the parent component, <FormControl> @ http://localhost:4220/devdays-design/node_modules/.vite/deps/@primer_react.js?v=d1296418:7660
[     259ms] [WARNING] Warning: instead of passing the 'id' prop directly to the input component, it should be passed to the parent component, <FormControl> @ http://localhost:4220/devdays-design/node_modules/.vite/deps/@primer_react.js?v=d1296418:7660
[     259ms] [WARNING] Warning: instead of passing the 'id' prop directly to the input component, it should be passed to the parent component, <FormControl> @ http://localhost:4220/devdays-design/node_modules/.vite/deps/@primer_react.js?v=d1296418:7660
[     260ms] [WARNING] Warning: instead of passing the 'id' prop directly to the input component, it should be passed to the parent component, <FormControl> @ http://localhost:4220/devdays-design/node_modules/.vite/deps/@primer_react.js?v=d1296418:7660
[     260ms] [WARNING] Warning: instead of passing the 'id' prop directly to the input component, it should be passed to the parent component, <FormControl> @ http://localhost:4220/devdays-design/node_modules/.vite/deps/@primer_react.js?v=d1296418:7660
[     260ms] [WARNING] Warning: instead of passing the 'id' prop directly to the input component, it should be passed to the parent component, <FormControl> @ http://localhost:4220/devdays-design/node_modules/.vite/deps/@primer_react.js?v=d1296418:7660
[     260ms] [WARNING] Warning: instead of passing the 'id' prop directly to the input component, it should be passed to the parent component, <FormControl> @ http://localhost:4220/devdays-design/node_modules/.vite/deps/@primer_react.js?v=d1296418:7660
[     262ms] [WARNING] Warning: instead of passing the 'id' prop directly to the input component, it should be passed to the parent component, <FormControl> @ http://localhost:4220/devdays-design/node_modules/.vite/deps/@primer_react.js?v=d1296418:7660
[     262ms] [WARNING] Warning: instead of passing the 'id' prop directly to the input component, it should be passed to the parent component, <FormControl> @ http://localhost:4220/devdays-design/node_modules/.vite/deps/@primer_react.js?v=d1296418:7660
[     263ms] [WARNING] Warning: instead of passing the 'id' prop directly to the input component, it should be passed to the parent component, <FormControl> @ http://localhost:4220/devdays-design/node_modules/.vite/deps/@primer_react.js?v=d1296418:7660
[     263ms] [WARNING] Warning: instead of passing the 'id' prop directly to the input component, it should be passed to the parent component, <FormControl> @ http://localhost:4220/devdays-design/node_modules/.vite/deps/@primer_react.js?v=d1296418:7660
[     263ms] [WARNING] Warning: instead of passing the 'id' prop directly to the input component, it should be passed to the parent component, <FormControl> @ http://localhost:4220/devdays-design/node_modules/.vite/deps/@primer_react.js?v=d1296418:7660
[     263ms] [WARNING] Warning: instead of passing the 'id' prop directly to the input component, it should be passed to the parent component, <FormControl> @ http://localhost:4220/devdays-design/node_modules/.vite/deps/@primer_react.js?v=d1296418:7660
[     264ms] [WARNING] Warning: instead of passing the 'id' prop directly to the input component, it should be passed to the parent component, <FormControl> @ http://localhost:4220/devdays-design/node_modules/.vite/deps/@primer_react.js?v=d1296418:7660
[     264ms] [WARNING] Warning: instead of passing the 'id' prop directly to the input component, it should be passed to the parent component, <FormControl> @ http://localhost:4220/devdays-design/node_modules/.vite/deps/@primer_react.js?v=d1296418:7660
[     389ms] [WARNING] Canvas2D: Multiple readback operations using getImageData are faster with the willReadFrequently attribute set to true. See: https://html.spec.whatwg.org/multipage/canvas.html#concept-canvas-will-read-frequently @ http://localhost:4220/devdays-design/src/lib/pixelChecks.ts:59
[     401ms] [WARNING] Warning: instead of passing the 'id' prop directly to the input component, it should be passed to the parent component, <FormControl> @ http://localhost:4220/devdays-design/node_modules/.vite/deps/@primer_react.js?v=d1296418:7660
[     401ms] [WARNING] Warning: instead of passing the 'id' prop directly to the input component, it should be passed to the parent component, <FormControl> @ http://localhost:4220/devdays-design/node_modules/.vite/deps/@primer_react.js?v=d1296418:7660
[     402ms] [WARNING] Warning: instead of passing the 'id' prop directly to the input component, it should be passed to the parent component, <FormControl> @ http://localhost:4220/devdays-design/node_modules/.vite/deps/@primer_react.js?v=d1296418:7660
[     402ms] [WARNING] Warning: instead of passing the 'id' prop directly to the input component, it should be passed to the parent component, <FormControl> @ http://localhost:4220/devdays-design/node_modules/.vite/deps/@primer_react.js?v=d1296418:7660
[     402ms] [WARNING] Warning: instead of passing the 'id' prop directly to the input component, it should be passed to the parent component, <FormControl> @ http://localhost:4220/devdays-design/node_modules/.vite/deps/@primer_react.js?v=d1296418:7660
[     402ms] [WARNING] Warning: instead of passing the 'id' prop directly to the input component, it should be passed to the parent component, <FormControl> @ http://localhost:4220/devdays-design/node_modules/.vite/deps/@primer_react.js?v=d1296418:7660
[     403ms] [WARNING] Warning: instead of passing the 'id' prop directly to the input component, it should be passed to the parent component, <FormControl> @ http://localhost:4220/devdays-design/node_modules/.vite/deps/@primer_react.js?v=d1296418:7660
[     403ms] [WARNING] Warning: instead of passing the 'id' prop directly to the input component, it should be passed to the parent component, <FormControl> @ http://localhost:4220/devdays-design/node_modules/.vite/deps/@primer_react.js?v=d1296418:7660
[     403ms] [WARNING] Warning: instead of passing the 'id' prop directly to the input component, it should be passed to the parent component, <FormControl> @ http://localhost:4220/devdays-design/node_modules/.vite/deps/@primer_react.js?v=d1296418:7660
[     403ms] [WARNING] Warning: instead of passing the 'id' prop directly to the input component, it should be passed to the parent component, <FormControl> @ http://localhost:4220/devdays-design/node_modules/.vite/deps/@primer_react.js?v=d1296418:7660
[     404ms] [WARNING] Warning: instead of passing the 'id' prop directly to the input component, it should be passed to the parent component, <FormControl> @ http://localhost:4220/devdays-design/node_modules/.vite/deps/@primer_react.js?v=d1296418:7660
[     404ms] [WARNING] Warning: instead of passing the 'id' prop directly to the input component, it should be passed to the parent component, <FormControl> @ http://localhost:4220/devdays-design/node_modules/.vite/deps/@primer_react.js?v=d1296418:7660
[     404ms] [WARNING] Warning: instead of passing the 'id' prop directly to the input component, it should be passed to the parent component, <FormControl> @ http://localhost:4220/devdays-design/node_modules/.vite/deps/@primer_react.js?v=d1296418:7660
[     404ms] [WARNING] Warning: instead of passing the 'id' prop directly to the input component, it should be passed to the parent component, <FormControl> @ http://localhost:4220/devdays-design/node_modules/.vite/deps/@primer_react.js?v=d1296418:7660
[     405ms] [WARNING] Warning: instead of passing the 'id' prop directly to the input component, it should be passed to the parent component, <FormControl> @ http://localhost:4220/devdays-design/node_modules/.vite/deps/@primer_react.js?v=d1296418:7660
[     405ms] [WARNING] Warning: instead of passing the 'id' prop directly to the input component, it should be passed to the parent component, <FormControl> @ http://localhost:4220/devdays-design/node_modules/.vite/deps/@primer_react.js?v=d1296418:7660
[     414ms] [WARNING] Warning: instead of passing the 'id' prop directly to the input component, it should be passed to the parent component, <FormControl> @ http://localhost:4220/devdays-design/node_modules/.vite/deps/@primer_react.js?v=d1296418:7660
[     414ms] [WARNING] Warning: instead of passing the 'id' prop directly to the input component, it should be passed to the parent component, <FormControl> @ http://localhost:4220/devdays-design/node_modules/.vite/deps/@primer_react.js?v=d1296418:7660
[     415ms] [WARNING] Warning: instead of passing the 'id' prop directly to the input component, it should be passed to the parent component, <FormControl> @ http://localhost:4220/devdays-design/node_modules/.vite/deps/@primer_react.js?v=d1296418:7660
[     415ms] [WARNING] Warning: instead of passing the 'id' prop directly to the input component, it should be passed to the parent component, <FormControl> @ http://localhost:4220/devdays-design/node_modules/.vite/deps/@primer_react.js?v=d1296418:7660
[     415ms] [WARNING] Warning: instead of passing the 'id' prop directly to the input component, it should be passed to the parent component, <FormControl> @ http://localhost:4220/devdays-design/node_modules/.vite/deps/@primer_react.js?v=d1296418:7660
[     415ms] [WARNING] Warning: instead of passing the 'id' prop directly to the input component, it should be passed to the parent component, <FormControl> @ http://localhost:4220/devdays-design/node_modules/.vite/deps/@primer_react.js?v=d1296418:7660
[     415ms] [WARNING] Warning: instead of passing the 'id' prop directly to the input component, it should be passed to the parent component, <FormControl> @ http://localhost:4220/devdays-design/node_modules/.vite/deps/@primer_react.js?v=d1296418:7660
[     416ms] [WARNING] Warning: instead of passing the 'id' prop directly to the input component, it should be passed to the parent component, <FormControl> @ http://localhost:4220/devdays-design/node_modules/.vite/deps/@primer_react.js?v=d1296418:7660
[     416ms] [WARNING] Warning: instead of passing the 'id' prop directly to the input component, it should be passed to the parent component, <FormControl> @ http://localhost:4220/devdays-design/node_modules/.vite/deps/@primer_react.js?v=d1296418:7660
[     416ms] [WARNING] Warning: instead of passing the 'id' prop directly to the input component, it should be passed to the parent component, <FormControl> @ http://localhost:4220/devdays-design/node_modules/.vite/deps/@primer_react.js?v=d1296418:7660
[     416ms] [WARNING] Warning: instead of passing the 'id' prop directly to the input component, it should be passed to the parent component, <FormControl> @ http://localhost:4220/devdays-design/node_modules/.vite/deps/@primer_react.js?v=d1296418:7660
[     416ms] [WARNING] Warning: instead of passing the 'id' prop directly to the input component, it should be passed to the parent component, <FormControl> @ http://localhost:4220/devdays-design/node_modules/.vite/deps/@primer_react.js?v=d1296418:7660
[     417ms] [WARNING] Warning: instead of passing the 'id' prop directly to the input component, it should be passed to the parent component, <FormControl> @ http://localhost:4220/devdays-design/node_modules/.vite/deps/@primer_react.js?v=d1296418:7660
[     417ms] [WARNING] Warning: instead of passing the 'id' prop directly to the input component, it should be passed to the parent component, <FormControl> @ http://localhost:4220/devdays-design/node_modules/.vite/deps/@primer_react.js?v=d1296418:7660
[     417ms] [WARNING] Warning: instead of passing the 'id' prop directly to the input component, it should be passed to the parent component, <FormControl> @ http://localhost:4220/devdays-design/node_modules/.vite/deps/@primer_react.js?v=d1296418:7660
[     418ms] [WARNING] Warning: instead of passing the 'id' prop directly to the input component, it should be passed to the parent component, <FormControl> @ http://localhost:4220/devdays-design/node_modules/.vite/deps/@primer_react.js?v=d1296418:7660
[     534ms] [WARNING] Warning: instead of passing the 'id' prop directly to the input component, it should be passed to the parent component, <FormControl> @ http://localhost:4220/devdays-design/node_modules/.vite/deps/@primer_react.js?v=d1296418:7660
[     535ms] [WARNING] Warning: instead of passing the 'id' prop directly to the input component, it should be passed to the parent component, <FormControl> @ http://localhost:4220/devdays-design/node_modules/.vite/deps/@primer_react.js?v=d1296418:7660
[     535ms] [WARNING] Warning: instead of passing the 'id' prop directly to the input component, it should be passed to the parent component, <FormControl> @ http://localhost:4220/devdays-design/node_modules/.vite/deps/@primer_react.js?v=d1296418:7660
[     535ms] [WARNING] Warning: instead of passing the 'id' prop directly to the input component, it should be passed to the parent component, <FormControl> @ http://localhost:4220/devdays-design/node_modules/.vite/deps/@primer_react.js?v=d1296418:7660
[     535ms] [WARNING] Warning: instead of passing the 'id' prop directly to the input component, it should be passed to the parent component, <FormControl> @ http://localhost:4220/devdays-design/node_modules/.vite/deps/@primer_react.js?v=d1296418:7660
[     535ms] [WARNING] Warning: instead of passing the 'id' prop directly to the input component, it should be passed to the parent component, <FormControl> @ http://localhost:4220/devdays-design/node_modules/.vite/deps/@primer_react.js?v=d1296418:7660
[     535ms] [WARNING] Warning: instead of passing the 'id' prop directly to the input component, it should be passed to the parent component, <FormControl> @ http://localhost:4220/devdays-design/node_modules/.vite/deps/@primer_react.js?v=d1296418:7660
[     536ms] [WARNING] Warning: instead of passing the 'id' prop directly to the input component, it should be passed to the parent component, <FormControl> @ http://localhost:4220/devdays-design/node_modules/.vite/deps/@primer_react.js?v=d1296418:7660
[     536ms] [WARNING] Warning: instead of passing the 'id' prop directly to the input component, it should be passed to the parent component, <FormControl> @ http://localhost:4220/devdays-design/node_modules/.vite/deps/@primer_react.js?v=d1296418:7660
[     536ms] [WARNING] Warning: instead of passing the 'id' prop directly to the input component, it should be passed to the parent component, <FormControl> @ http://localhost:4220/devdays-design/node_modules/.vite/deps/@primer_react.js?v=d1296418:7660
[     536ms] [WARNING] Warning: instead of passing the 'id' prop directly to the input component, it should be passed to the parent component, <FormControl> @ http://localhost:4220/devdays-design/node_modules/.vite/deps/@primer_react.js?v=d1296418:7660
[     536ms] [WARNING] Warning: instead of passing the 'id' prop directly to the input component, it should be passed to the parent component, <FormControl> @ http://localhost:4220/devdays-design/node_modules/.vite/deps/@primer_react.js?v=d1296418:7660
[     537ms] [WARNING] Warning: instead of passing the 'id' prop directly to the input component, it should be passed to the parent component, <FormControl> @ http://localhost:4220/devdays-design/node_modules/.vite/deps/@primer_react.js?v=d1296418:7660
[     537ms] [WARNING] Warning: instead of passing the 'id' prop directly to the input component, it should be passed to the parent component, <FormControl> @ http://localhost:4220/devdays-design/node_modules/.vite/deps/@primer_react.js?v=d1296418:7660
[     537ms] [WARNING] Warning: instead of passing the 'id' prop directly to the input component, it should be passed to the parent component, <FormControl> @ http://localhost:4220/devdays-design/node_modules/.vite/deps/@primer_react.js?v=d1296418:7660
[     537ms] [WARNING] Warning: instead of passing the 'id' prop directly to the input component, it should be passed to the parent component, <FormControl> @ http://localhost:4220/devdays-design/node_modules/.vite/deps/@primer_react.js?v=d1296418:7660
[   13896ms] [LOG] %clayout-transition%c transition: width color: oklch(84% 0.19 80.46); font-weight: bold color: inherit JSHandle@node @ http://localhost:8400/detect.js:7478
[   13896ms] [LOG] %cgpt-thin-border-wide-shadow%c 0.8px border + 80px shadow blur color: oklch(84% 0.19 80.46); font-weight: bold color: inherit JSHandle@node @ http://localhost:8400/detect.js:7478
[   13896ms] [LOG] %cgpt-thin-border-wide-shadow%c 0.8px border + 30px shadow blur color: oklch(84% 0.19 80.46); font-weight: bold color: inherit JSHandle@node @ http://localhost:8400/detect.js:7478
[   13896ms] [LOG] %csingle-font%c only font used is noto sans color: oklch(84% 0.19 80.46); font-weight: bold color: inherit JSHandle@node @ http://localhost:8400/detect.js:7478
[   13896ms] [LOG] %cflat-type-hierarchy%c Sizes: 12px, 12.5px, 14px, 14.4px, 15.2px, 16px, 17.3px (ratio 1.4:1) color: oklch(84% 0.19 80.46); font-weight: bold color: inherit JSHandle@node @ http://localhost:8400/detect.js:7478
[   13896ms] [LOG] %clayout-transition%c transition: margin color: oklch(84% 0.19 80.46); font-weight: bold color: inherit JSHandle@node @ http://localhost:8400/detect.js:7478
[   13896ms] [LOG] %ccodex-grid-background%c px-tiled hairline line-field background color: oklch(84% 0.19 80.46); font-weight: bold color: inherit JSHandle@node @ http://localhost:8400/detect.js:7478
[   13896ms] [LOG] %ctext-occlusion%c strong "Do you want to include p" is 33% covered by an opaque element (div.validation-panel) color: oklch(84% 0.19 80.46); font-weight: bold color: inherit JSHandle@node @ http://localhost:8400/detect.js:7478
[   22045ms] [WARNING] Warning: instead of passing the 'id' prop directly to the input component, it should be passed to the parent component, <FormControl> @ http://localhost:4220/devdays-design/node_modules/.vite/deps/@primer_react.js?v=d1296418:7660
[   22045ms] [WARNING] Warning: instead of passing the 'id' prop directly to the input component, it should be passed to the parent component, <FormControl> @ http://localhost:4220/devdays-design/node_modules/.vite/deps/@primer_react.js?v=d1296418:7660
[   22045ms] [WARNING] Warning: instead of passing the 'id' prop directly to the input component, it should be passed to the parent component, <FormControl> @ http://localhost:4220/devdays-design/node_modules/.vite/deps/@primer_react.js?v=d1296418:7660
[   22046ms] [WARNING] Warning: instead of passing the 'id' prop directly to the input component, it should be passed to the parent component, <FormControl> @ http://localhost:4220/devdays-design/node_modules/.vite/deps/@primer_react.js?v=d1296418:7660
[   22046ms] [WARNING] Warning: instead of passing the 'id' prop directly to the input component, it should be passed to the parent component, <FormControl> @ http://localhost:4220/devdays-design/node_modules/.vite/deps/@primer_react.js?v=d1296418:7660
[   22046ms] [WARNING] Warning: instead of passing the 'id' prop directly to the input component, it should be passed to the parent component, <FormControl> @ http://localhost:4220/devdays-design/node_modules/.vite/deps/@primer_react.js?v=d1296418:7660
[   22046ms] [WARNING] Warning: instead of passing the 'id' prop directly to the input component, it should be passed to the parent component, <FormControl> @ http://localhost:4220/devdays-design/node_modules/.vite/deps/@primer_react.js?v=d1296418:7660
[   22046ms] [WARNING] Warning: instead of passing the 'id' prop directly to the input component, it should be passed to the parent component, <FormControl> @ http://localhost:4220/devdays-design/node_modules/.vite/deps/@primer_react.js?v=d1296418:7660
[   22047ms] [WARNING] Warning: instead of passing the 'id' prop directly to the input component, it should be passed to the parent component, <FormControl> @ http://localhost:4220/devdays-design/node_modules/.vite/deps/@primer_react.js?v=d1296418:7660
[   22047ms] [WARNING] Warning: instead of passing the 'id' prop directly to the input component, it should be passed to the parent component, <FormControl> @ http://localhost:4220/devdays-design/node_modules/.vite/deps/@primer_react.js?v=d1296418:7660
[   22047ms] [WARNING] Warning: instead of passing the 'id' prop directly to the input component, it should be passed to the parent component, <FormControl> @ http://localhost:4220/devdays-design/node_modules/.vite/deps/@primer_react.js?v=d1296418:7660
[   22048ms] [WARNING] Warning: instead of passing the 'id' prop directly to the input component, it should be passed to the parent component, <FormControl> @ http://localhost:4220/devdays-design/node_modules/.vite/deps/@primer_react.js?v=d1296418:7660
[   22048ms] [WARNING] Warning: instead of passing the 'id' prop directly to the input component, it should be passed to the parent component, <FormControl> @ http://localhost:4220/devdays-design/node_modules/.vite/deps/@primer_react.js?v=d1296418:7660
[   22048ms] [WARNING] Warning: instead of passing the 'id' prop directly to the input component, it should be passed to the parent component, <FormControl> @ http://localhost:4220/devdays-design/node_modules/.vite/deps/@primer_react.js?v=d1296418:7660
[   22050ms] [WARNING] Warning: instead of passing the 'id' prop directly to the input component, it should be passed to the parent component, <FormControl> @ http://localhost:4220/devdays-design/node_modules/.vite/deps/@primer_react.js?v=d1296418:7660
[   22050ms] [WARNING] Warning: instead of passing the 'id' prop directly to the input component, it should be passed to the parent component, <FormControl> @ http://localhost:4220/devdays-design/node_modules/.vite/deps/@primer_react.js?v=d1296418:7660
[   22051ms] [WARNING] Warning: instead of passing the 'id' prop directly to the input component, it should be passed to the parent component, <FormControl> @ http://localhost:4220/devdays-design/node_modules/.vite/deps/@primer_react.js?v=d1296418:7660
[   22051ms] [WARNING] Warning: instead of passing the 'id' prop directly to the input component, it should be passed to the parent component, <FormControl> @ http://localhost:4220/devdays-design/node_modules/.vite/deps/@primer_react.js?v=d1296418:7660
[   22052ms] [WARNING] Warning: instead of passing the 'id' prop directly to the input component, it should be passed to the parent component, <FormControl> @ http://localhost:4220/devdays-design/node_modules/.vite/deps/@primer_react.js?v=d1296418:7660
[   22052ms] [WARNING] Warning: instead of passing the 'required' prop directly to the input component, it should be passed to the parent component, <FormControl> @ http://localhost:4220/devdays-design/node_modules/.vite/deps/@primer_react.js?v=d1296418:7660
[   22052ms] [WARNING] Warning: instead of passing the 'id' prop directly to the input component, it should be passed to the parent component, <FormControl> @ http://localhost:4220/devdays-design/node_modules/.vite/deps/@primer_react.js?v=d1296418:7660
[   22052ms] [WARNING] Warning: instead of passing the 'required' prop directly to the input component, it should be passed to the parent component, <FormControl> @ http://localhost:4220/devdays-design/node_modules/.vite/deps/@primer_react.js?v=d1296418:7660
[   22052ms] [WARNING] Warning: instead of passing the 'id' prop directly to the input component, it should be passed to the parent component, <FormControl> @ http://localhost:4220/devdays-design/node_modules/.vite/deps/@primer_react.js?v=d1296418:7660
[   22053ms] [WARNING] Warning: instead of passing the 'id' prop directly to the input component, it should be passed to the parent component, <FormControl> @ http://localhost:4220/devdays-design/node_modules/.vite/deps/@primer_react.js?v=d1296418:7660
[   22054ms] [WARNING] Warning: instead of passing the 'id' prop directly to the input component, it should be passed to the parent component, <FormControl> @ http://localhost:4220/devdays-design/node_modules/.vite/deps/@primer_react.js?v=d1296418:7660
[   22054ms] [WARNING] Warning: instead of passing the 'id' prop directly to the input component, it should be passed to the parent component, <FormControl> @ http://localhost:4220/devdays-design/node_modules/.vite/deps/@primer_react.js?v=d1296418:7660
[   22107ms] [WARNING] Warning: instead of passing the 'id' prop directly to the input component, it should be passed to the parent component, <FormControl> @ http://localhost:4220/devdays-design/node_modules/.vite/deps/@primer_react.js?v=d1296418:7660
[   22108ms] [WARNING] Warning: instead of passing the 'id' prop directly to the input component, it should be passed to the parent component, <FormControl> @ http://localhost:4220/devdays-design/node_modules/.vite/deps/@primer_react.js?v=d1296418:7660
[   22108ms] [WARNING] Warning: instead of passing the 'id' prop directly to the input component, it should be passed to the parent component, <FormControl> @ http://localhost:4220/devdays-design/node_modules/.vite/deps/@primer_react.js?v=d1296418:7660
[   22108ms] [WARNING] Warning: instead of passing the 'id' prop directly to the input component, it should be passed to the parent component, <FormControl> @ http://localhost:4220/devdays-design/node_modules/.vite/deps/@primer_react.js?v=d1296418:7660
[   22108ms] [WARNING] Warning: instead of passing the 'id' prop directly to the input component, it should be passed to the parent component, <FormControl> @ http://localhost:4220/devdays-design/node_modules/.vite/deps/@primer_react.js?v=d1296418:7660
[   22108ms] [WARNING] Warning: instead of passing the 'id' prop directly to the input component, it should be passed to the parent component, <FormControl> @ http://localhost:4220/devdays-design/node_modules/.vite/deps/@primer_react.js?v=d1296418:7660
[   22109ms] [WARNING] Warning: instead of passing the 'id' prop directly to the input component, it should be passed to the parent component, <FormControl> @ http://localhost:4220/devdays-design/node_modules/.vite/deps/@primer_react.js?v=d1296418:7660
[   22109ms] [WARNING] Warning: instead of passing the 'id' prop directly to the input component, it should be passed to the parent component, <FormControl> @ http://localhost:4220/devdays-design/node_modules/.vite/deps/@primer_react.js?v=d1296418:7660
[   22109ms] [WARNING] Warning: instead of passing the 'id' prop directly to the input component, it should be passed to the parent component, <FormControl> @ http://localhost:4220/devdays-design/node_modules/.vite/deps/@primer_react.js?v=d1296418:7660
[   22109ms] [WARNING] Warning: instead of passing the 'id' prop directly to the input component, it should be passed to the parent component, <FormControl> @ http://localhost:4220/devdays-design/node_modules/.vite/deps/@primer_react.js?v=d1296418:7660
[   22109ms] [WARNING] Warning: instead of passing the 'id' prop directly to the input component, it should be passed to the parent component, <FormControl> @ http://localhost:4220/devdays-design/node_modules/.vite/deps/@primer_react.js?v=d1296418:7660
[   22109ms] [WARNING] Warning: instead of passing the 'id' prop directly to the input component, it should be passed to the parent component, <FormControl> @ http://localhost:4220/devdays-design/node_modules/.vite/deps/@primer_react.js?v=d1296418:7660
[   22110ms] [WARNING] Warning: instead of passing the 'id' prop directly to the input component, it should be passed to the parent component, <FormControl> @ http://localhost:4220/devdays-design/node_modules/.vite/deps/@primer_react.js?v=d1296418:7660
[   22110ms] [WARNING] Warning: instead of passing the 'id' prop directly to the input component, it should be passed to the parent component, <FormControl> @ http://localhost:4220/devdays-design/node_modules/.vite/deps/@primer_react.js?v=d1296418:7660
[   22110ms] [WARNING] Warning: instead of passing the 'id' prop directly to the input component, it should be passed to the parent component, <FormControl> @ http://localhost:4220/devdays-design/node_modules/.vite/deps/@primer_react.js?v=d1296418:7660
[   22111ms] [WARNING] Warning: instead of passing the 'id' prop directly to the input component, it should be passed to the parent component, <FormControl> @ http://localhost:4220/devdays-design/node_modules/.vite/deps/@primer_react.js?v=d1296418:7660
[   22111ms] [WARNING] Warning: instead of passing the 'id' prop directly to the input component, it should be passed to the parent component, <FormControl> @ http://localhost:4220/devdays-design/node_modules/.vite/deps/@primer_react.js?v=d1296418:7660
[   22111ms] [WARNING] Warning: instead of passing the 'id' prop directly to the input component, it should be passed to the parent component, <FormControl> @ http://localhost:4220/devdays-design/node_modules/.vite/deps/@primer_react.js?v=d1296418:7660
[   22112ms] [WARNING] Warning: instead of passing the 'id' prop directly to the input component, it should be passed to the parent component, <FormControl> @ http://localhost:4220/devdays-design/node_modules/.vite/deps/@primer_react.js?v=d1296418:7660
[   22112ms] [WARNING] Warning: instead of passing the 'required' prop directly to the input component, it should be passed to the parent component, <FormControl> @ http://localhost:4220/devdays-design/node_modules/.vite/deps/@primer_react.js?v=d1296418:7660
[   22112ms] [WARNING] Warning: instead of passing the 'id' prop directly to the input component, it should be passed to the parent component, <FormControl> @ http://localhost:4220/devdays-design/node_modules/.vite/deps/@primer_react.js?v=d1296418:7660
[   22112ms] [WARNING] Warning: instead of passing the 'required' prop directly to the input component, it should be passed to the parent component, <FormControl> @ http://localhost:4220/devdays-design/node_modules/.vite/deps/@primer_react.js?v=d1296418:7660
[   22112ms] [WARNING] Warning: instead of passing the 'id' prop directly to the input component, it should be passed to the parent component, <FormControl> @ http://localhost:4220/devdays-design/node_modules/.vite/deps/@primer_react.js?v=d1296418:7660
[   22113ms] [WARNING] Warning: instead of passing the 'id' prop directly to the input component, it should be passed to the parent component, <FormControl> @ http://localhost:4220/devdays-design/node_modules/.vite/deps/@primer_react.js?v=d1296418:7660
[   22113ms] [WARNING] Warning: instead of passing the 'id' prop directly to the input component, it should be passed to the parent component, <FormControl> @ http://localhost:4220/devdays-design/node_modules/.vite/deps/@primer_react.js?v=d1296418:7660
[   22114ms] [WARNING] Warning: instead of passing the 'id' prop directly to the input component, it should be passed to the parent component, <FormControl> @ http://localhost:4220/devdays-design/node_modules/.vite/deps/@primer_react.js?v=d1296418:7660
[  124779ms] [LOG] [vite] server connection lost. Polling for restart... @ http://localhost:4220/devdays-design/@vite/client:864
