[     698ms] [INFO] %cDownload the React DevTools for a better development experience: https://react.dev/link/react-devtools font-weight:bold @ http://localhost:4220/devdays-design/node_modules/.vite/deps/chunk-4OOMQMHL.js?v=d1296418:20102
[     776ms] [WARNING] Warning: instead of passing the 'id' prop directly to the input component, it should be passed to the parent component, <FormControl> @ http://localhost:4220/devdays-design/node_modules/.vite/deps/@primer_react.js?v=d1296418:7660
[     777ms] [WARNING] Warning: instead of passing the 'id' prop directly to the input component, it should be passed to the parent component, <FormControl> @ http://localhost:4220/devdays-design/node_modules/.vite/deps/@primer_react.js?v=d1296418:7660
[     780ms] [WARNING] Warning: instead of passing the 'id' prop directly to the input component, it should be passed to the parent component, <FormControl> @ http://localhost:4220/devdays-design/node_modules/.vite/deps/@primer_react.js?v=d1296418:7660
[     780ms] [WARNING] Warning: instead of passing the 'id' prop directly to the input component, it should be passed to the parent component, <FormControl> @ http://localhost:4220/devdays-design/node_modules/.vite/deps/@primer_react.js?v=d1296418:7660
[     782ms] [WARNING] Warning: instead of passing the 'id' prop directly to the input component, it should be passed to the parent component, <FormControl> @ http://localhost:4220/devdays-design/node_modules/.vite/deps/@primer_react.js?v=d1296418:7660
[     782ms] [WARNING] Warning: instead of passing the 'id' prop directly to the input component, it should be passed to the parent component, <FormControl> @ http://localhost:4220/devdays-design/node_modules/.vite/deps/@primer_react.js?v=d1296418:7660
[     783ms] [WARNING] Warning: instead of passing the 'id' prop directly to the input component, it should be passed to the parent component, <FormControl> @ http://localhost:4220/devdays-design/node_modules/.vite/deps/@primer_react.js?v=d1296418:7660
[     783ms] [WARNING] Warning: instead of passing the 'id' prop directly to the input component, it should be passed to the parent component, <FormControl> @ http://localhost:4220/devdays-design/node_modules/.vite/deps/@primer_react.js?v=d1296418:7660
[     785ms] [WARNING] Warning: instead of passing the 'id' prop directly to the input component, it should be passed to the parent component, <FormControl> @ http://localhost:4220/devdays-design/node_modules/.vite/deps/@primer_react.js?v=d1296418:7660
[     785ms] [WARNING] Warning: instead of passing the 'id' prop directly to the input component, it should be passed to the parent component, <FormControl> @ http://localhost:4220/devdays-design/node_modules/.vite/deps/@primer_react.js?v=d1296418:7660
[     786ms] [WARNING] Warning: instead of passing the 'id' prop directly to the input component, it should be passed to the parent component, <FormControl> @ http://localhost:4220/devdays-design/node_modules/.vite/deps/@primer_react.js?v=d1296418:7660
[     786ms] [WARNING] Warning: instead of passing the 'id' prop directly to the input component, it should be passed to the parent component, <FormControl> @ http://localhost:4220/devdays-design/node_modules/.vite/deps/@primer_react.js?v=d1296418:7660
[     787ms] [WARNING] Warning: instead of passing the 'id' prop directly to the input component, it should be passed to the parent component, <FormControl> @ http://localhost:4220/devdays-design/node_modules/.vite/deps/@primer_react.js?v=d1296418:7660
[     787ms] [WARNING] Warning: instead of passing the 'id' prop directly to the input component, it should be passed to the parent component, <FormControl> @ http://localhost:4220/devdays-design/node_modules/.vite/deps/@primer_react.js?v=d1296418:7660
[     790ms] [WARNING] Warning: instead of passing the 'id' prop directly to the input component, it should be passed to the parent component, <FormControl> @ http://localhost:4220/devdays-design/node_modules/.vite/deps/@primer_react.js?v=d1296418:7660
[     790ms] [WARNING] Warning: instead of passing the 'id' prop directly to the input component, it should be passed to the parent component, <FormControl> @ http://localhost:4220/devdays-design/node_modules/.vite/deps/@primer_react.js?v=d1296418:7660
[     851ms] [WARNING] Warning: instead of passing the 'id' prop directly to the input component, it should be passed to the parent component, <FormControl> @ http://localhost:4220/devdays-design/node_modules/.vite/deps/@primer_react.js?v=d1296418:7660
[     851ms] [WARNING] Warning: instead of passing the 'id' prop directly to the input component, it should be passed to the parent component, <FormControl> @ http://localhost:4220/devdays-design/node_modules/.vite/deps/@primer_react.js?v=d1296418:7660
[     852ms] [WARNING] Warning: instead of passing the 'id' prop directly to the input component, it should be passed to the parent component, <FormControl> @ http://localhost:4220/devdays-design/node_modules/.vite/deps/@primer_react.js?v=d1296418:7660
[     852ms] [WARNING] Warning: instead of passing the 'id' prop directly to the input component, it should be passed to the parent component, <FormControl> @ http://localhost:4220/devdays-design/node_modules/.vite/deps/@primer_react.js?v=d1296418:7660
[     853ms] [WARNING] Warning: instead of passing the 'id' prop directly to the input component, it should be passed to the parent component, <FormControl> @ http://localhost:4220/devdays-design/node_modules/.vite/deps/@primer_react.js?v=d1296418:7660
[     853ms] [WARNING] Warning: instead of passing the 'id' prop directly to the input component, it should be passed to the parent component, <FormControl> @ http://localhost:4220/devdays-design/node_modules/.vite/deps/@primer_react.js?v=d1296418:7660
[     854ms] [WARNING] Warning: instead of passing the 'id' prop directly to the input component, it should be passed to the parent component, <FormControl> @ http://localhost:4220/devdays-design/node_modules/.vite/deps/@primer_react.js?v=d1296418:7660
[     854ms] [WARNING] Warning: instead of passing the 'id' prop directly to the input component, it should be passed to the parent component, <FormControl> @ http://localhost:4220/devdays-design/node_modules/.vite/deps/@primer_react.js?v=d1296418:7660
[     857ms] [WARNING] Warning: instead of passing the 'id' prop directly to the input component, it should be passed to the parent component, <FormControl> @ http://localhost:4220/devdays-design/node_modules/.vite/deps/@primer_react.js?v=d1296418:7660
[     857ms] [WARNING] Warning: instead of passing the 'id' prop directly to the input component, it should be passed to the parent component, <FormControl> @ http://localhost:4220/devdays-design/node_modules/.vite/deps/@primer_react.js?v=d1296418:7660
[     858ms] [WARNING] Warning: instead of passing the 'id' prop directly to the input component, it should be passed to the parent component, <FormControl> @ http://localhost:4220/devdays-design/node_modules/.vite/deps/@primer_react.js?v=d1296418:7660
[     859ms] [WARNING] Warning: instead of passing the 'id' prop directly to the input component, it should be passed to the parent component, <FormControl> @ http://localhost:4220/devdays-design/node_modules/.vite/deps/@primer_react.js?v=d1296418:7660
[     860ms] [WARNING] Warning: instead of passing the 'id' prop directly to the input component, it should be passed to the parent component, <FormControl> @ http://localhost:4220/devdays-design/node_modules/.vite/deps/@primer_react.js?v=d1296418:7660
[     860ms] [WARNING] Warning: instead of passing the 'id' prop directly to the input component, it should be passed to the parent component, <FormControl> @ http://localhost:4220/devdays-design/node_modules/.vite/deps/@primer_react.js?v=d1296418:7660
[     861ms] [WARNING] Warning: instead of passing the 'id' prop directly to the input component, it should be passed to the parent component, <FormControl> @ http://localhost:4220/devdays-design/node_modules/.vite/deps/@primer_react.js?v=d1296418:7660
[     861ms] [WARNING] Warning: instead of passing the 'id' prop directly to the input component, it should be passed to the parent component, <FormControl> @ http://localhost:4220/devdays-design/node_modules/.vite/deps/@primer_react.js?v=d1296418:7660
[    1004ms] [WARNING] Canvas2D: Multiple readback operations using getImageData are faster with the willReadFrequently attribute set to true. See: https://html.spec.whatwg.org/multipage/canvas.html#concept-canvas-will-read-frequently @ http://localhost:4220/devdays-design/src/lib/pixelChecks.ts:59
[    1016ms] [WARNING] Warning: instead of passing the 'id' prop directly to the input component, it should be passed to the parent component, <FormControl> @ http://localhost:4220/devdays-design/node_modules/.vite/deps/@primer_react.js?v=d1296418:7660
[    1016ms] [WARNING] Warning: instead of passing the 'id' prop directly to the input component, it should be passed to the parent component, <FormControl> @ http://localhost:4220/devdays-design/node_modules/.vite/deps/@primer_react.js?v=d1296418:7660
[    1017ms] [WARNING] Warning: instead of passing the 'id' prop directly to the input component, it should be passed to the parent component, <FormControl> @ http://localhost:4220/devdays-design/node_modules/.vite/deps/@primer_react.js?v=d1296418:7660
[    1017ms] [WARNING] Warning: instead of passing the 'id' prop directly to the input component, it should be passed to the parent component, <FormControl> @ http://localhost:4220/devdays-design/node_modules/.vite/deps/@primer_react.js?v=d1296418:7660
[    1018ms] [WARNING] Warning: instead of passing the 'id' prop directly to the input component, it should be passed to the parent component, <FormControl> @ http://localhost:4220/devdays-design/node_modules/.vite/deps/@primer_react.js?v=d1296418:7660
[    1018ms] [WARNING] Warning: instead of passing the 'id' prop directly to the input component, it should be passed to the parent component, <FormControl> @ http://localhost:4220/devdays-design/node_modules/.vite/deps/@primer_react.js?v=d1296418:7660
[    1018ms] [WARNING] Warning: instead of passing the 'id' prop directly to the input component, it should be passed to the parent component, <FormControl> @ http://localhost:4220/devdays-design/node_modules/.vite/deps/@primer_react.js?v=d1296418:7660
[    1019ms] [WARNING] Warning: instead of passing the 'id' prop directly to the input component, it should be passed to the parent component, <FormControl> @ http://localhost:4220/devdays-design/node_modules/.vite/deps/@primer_react.js?v=d1296418:7660
[    1019ms] [WARNING] Warning: instead of passing the 'id' prop directly to the input component, it should be passed to the parent component, <FormControl> @ http://localhost:4220/devdays-design/node_modules/.vite/deps/@primer_react.js?v=d1296418:7660
[    1019ms] [WARNING] Warning: instead of passing the 'id' prop directly to the input component, it should be passed to the parent component, <FormControl> @ http://localhost:4220/devdays-design/node_modules/.vite/deps/@primer_react.js?v=d1296418:7660
[    1020ms] [WARNING] Warning: instead of passing the 'id' prop directly to the input component, it should be passed to the parent component, <FormControl> @ http://localhost:4220/devdays-design/node_modules/.vite/deps/@primer_react.js?v=d1296418:7660
[    1020ms] [WARNING] Warning: instead of passing the 'id' prop directly to the input component, it should be passed to the parent component, <FormControl> @ http://localhost:4220/devdays-design/node_modules/.vite/deps/@primer_react.js?v=d1296418:7660
[    1021ms] [WARNING] Warning: instead of passing the 'id' prop directly to the input component, it should be passed to the parent component, <FormControl> @ http://localhost:4220/devdays-design/node_modules/.vite/deps/@primer_react.js?v=d1296418:7660
[    1021ms] [WARNING] Warning: instead of passing the 'id' prop directly to the input component, it should be passed to the parent component, <FormControl> @ http://localhost:4220/devdays-design/node_modules/.vite/deps/@primer_react.js?v=d1296418:7660
[    1022ms] [WARNING] Warning: instead of passing the 'id' prop directly to the input component, it should be passed to the parent component, <FormControl> @ http://localhost:4220/devdays-design/node_modules/.vite/deps/@primer_react.js?v=d1296418:7660
[    1022ms] [WARNING] Warning: instead of passing the 'id' prop directly to the input component, it should be passed to the parent component, <FormControl> @ http://localhost:4220/devdays-design/node_modules/.vite/deps/@primer_react.js?v=d1296418:7660
[    1032ms] [WARNING] Warning: instead of passing the 'id' prop directly to the input component, it should be passed to the parent component, <FormControl> @ http://localhost:4220/devdays-design/node_modules/.vite/deps/@primer_react.js?v=d1296418:7660
[    1032ms] [WARNING] Warning: instead of passing the 'id' prop directly to the input component, it should be passed to the parent component, <FormControl> @ http://localhost:4220/devdays-design/node_modules/.vite/deps/@primer_react.js?v=d1296418:7660
[    1033ms] [WARNING] Warning: instead of passing the 'id' prop directly to the input component, it should be passed to the parent component, <FormControl> @ http://localhost:4220/devdays-design/node_modules/.vite/deps/@primer_react.js?v=d1296418:7660
[    1033ms] [WARNING] Warning: instead of passing the 'id' prop directly to the input component, it should be passed to the parent component, <FormControl> @ http://localhost:4220/devdays-design/node_modules/.vite/deps/@primer_react.js?v=d1296418:7660
[    1033ms] [WARNING] Warning: instead of passing the 'id' prop directly to the input component, it should be passed to the parent component, <FormControl> @ http://localhost:4220/devdays-design/node_modules/.vite/deps/@primer_react.js?v=d1296418:7660
[    1033ms] [WARNING] Warning: instead of passing the 'id' prop directly to the input component, it should be passed to the parent component, <FormControl> @ http://localhost:4220/devdays-design/node_modules/.vite/deps/@primer_react.js?v=d1296418:7660
[    1034ms] [WARNING] Warning: instead of passing the 'id' prop directly to the input component, it should be passed to the parent component, <FormControl> @ http://localhost:4220/devdays-design/node_modules/.vite/deps/@primer_react.js?v=d1296418:7660
[    1034ms] [WARNING] Warning: instead of passing the 'id' prop directly to the input component, it should be passed to the parent component, <FormControl> @ http://localhost:4220/devdays-design/node_modules/.vite/deps/@primer_react.js?v=d1296418:7660
[    1035ms] [WARNING] Warning: instead of passing the 'id' prop directly to the input component, it should be passed to the parent component, <FormControl> @ http://localhost:4220/devdays-design/node_modules/.vite/deps/@primer_react.js?v=d1296418:7660
[    1035ms] [WARNING] Warning: instead of passing the 'id' prop directly to the input component, it should be passed to the parent component, <FormControl> @ http://localhost:4220/devdays-design/node_modules/.vite/deps/@primer_react.js?v=d1296418:7660
[    1035ms] [WARNING] Warning: instead of passing the 'id' prop directly to the input component, it should be passed to the parent component, <FormControl> @ http://localhost:4220/devdays-design/node_modules/.vite/deps/@primer_react.js?v=d1296418:7660
[    1036ms] [WARNING] Warning: instead of passing the 'id' prop directly to the input component, it should be passed to the parent component, <FormControl> @ http://localhost:4220/devdays-design/node_modules/.vite/deps/@primer_react.js?v=d1296418:7660
[    1036ms] [WARNING] Warning: instead of passing the 'id' prop directly to the input component, it should be passed to the parent component, <FormControl> @ http://localhost:4220/devdays-design/node_modules/.vite/deps/@primer_react.js?v=d1296418:7660
[    1036ms] [WARNING] Warning: instead of passing the 'id' prop directly to the input component, it should be passed to the parent component, <FormControl> @ http://localhost:4220/devdays-design/node_modules/.vite/deps/@primer_react.js?v=d1296418:7660
[    1037ms] [WARNING] Warning: instead of passing the 'id' prop directly to the input component, it should be passed to the parent component, <FormControl> @ http://localhost:4220/devdays-design/node_modules/.vite/deps/@primer_react.js?v=d1296418:7660
[    1037ms] [WARNING] Warning: instead of passing the 'id' prop directly to the input component, it should be passed to the parent component, <FormControl> @ http://localhost:4220/devdays-design/node_modules/.vite/deps/@primer_react.js?v=d1296418:7660
[    1148ms] [WARNING] Warning: instead of passing the 'id' prop directly to the input component, it should be passed to the parent component, <FormControl> @ http://localhost:4220/devdays-design/node_modules/.vite/deps/@primer_react.js?v=d1296418:7660
[    1148ms] [WARNING] Warning: instead of passing the 'id' prop directly to the input component, it should be passed to the parent component, <FormControl> @ http://localhost:4220/devdays-design/node_modules/.vite/deps/@primer_react.js?v=d1296418:7660
[    1149ms] [WARNING] Warning: instead of passing the 'id' prop directly to the input component, it should be passed to the parent component, <FormControl> @ http://localhost:4220/devdays-design/node_modules/.vite/deps/@primer_react.js?v=d1296418:7660
[    1149ms] [WARNING] Warning: instead of passing the 'id' prop directly to the input component, it should be passed to the parent component, <FormControl> @ http://localhost:4220/devdays-design/node_modules/.vite/deps/@primer_react.js?v=d1296418:7660
[    1149ms] [WARNING] Warning: instead of passing the 'id' prop directly to the input component, it should be passed to the parent component, <FormControl> @ http://localhost:4220/devdays-design/node_modules/.vite/deps/@primer_react.js?v=d1296418:7660
[    1149ms] [WARNING] Warning: instead of passing the 'id' prop directly to the input component, it should be passed to the parent component, <FormControl> @ http://localhost:4220/devdays-design/node_modules/.vite/deps/@primer_react.js?v=d1296418:7660
[    1149ms] [WARNING] Warning: instead of passing the 'id' prop directly to the input component, it should be passed to the parent component, <FormControl> @ http://localhost:4220/devdays-design/node_modules/.vite/deps/@primer_react.js?v=d1296418:7660
[    1150ms] [WARNING] Warning: instead of passing the 'id' prop directly to the input component, it should be passed to the parent component, <FormControl> @ http://localhost:4220/devdays-design/node_modules/.vite/deps/@primer_react.js?v=d1296418:7660
[    1150ms] [WARNING] Warning: instead of passing the 'id' prop directly to the input component, it should be passed to the parent component, <FormControl> @ http://localhost:4220/devdays-design/node_modules/.vite/deps/@primer_react.js?v=d1296418:7660
[    1150ms] [WARNING] Warning: instead of passing the 'id' prop directly to the input component, it should be passed to the parent component, <FormControl> @ http://localhost:4220/devdays-design/node_modules/.vite/deps/@primer_react.js?v=d1296418:7660
[    1150ms] [WARNING] Warning: instead of passing the 'id' prop directly to the input component, it should be passed to the parent component, <FormControl> @ http://localhost:4220/devdays-design/node_modules/.vite/deps/@primer_react.js?v=d1296418:7660
[    1150ms] [WARNING] Warning: instead of passing the 'id' prop directly to the input component, it should be passed to the parent component, <FormControl> @ http://localhost:4220/devdays-design/node_modules/.vite/deps/@primer_react.js?v=d1296418:7660
[    1151ms] [WARNING] Warning: instead of passing the 'id' prop directly to the input component, it should be passed to the parent component, <FormControl> @ http://localhost:4220/devdays-design/node_modules/.vite/deps/@primer_react.js?v=d1296418:7660
[    1151ms] [WARNING] Warning: instead of passing the 'id' prop directly to the input component, it should be passed to the parent component, <FormControl> @ http://localhost:4220/devdays-design/node_modules/.vite/deps/@primer_react.js?v=d1296418:7660
[    1151ms] [WARNING] Warning: instead of passing the 'id' prop directly to the input component, it should be passed to the parent component, <FormControl> @ http://localhost:4220/devdays-design/node_modules/.vite/deps/@primer_react.js?v=d1296418:7660
[    1152ms] [WARNING] Warning: instead of passing the 'id' prop directly to the input component, it should be passed to the parent component, <FormControl> @ http://localhost:4220/devdays-design/node_modules/.vite/deps/@primer_react.js?v=d1296418:7660
[  127862ms] [LOG] [vite] server connection lost. Polling for restart... @ http://localhost:4220/devdays-design/@vite/client:864
